main.c:110:5:_write	24	static
main.c:121:5:main	8	static
main.c:189:6:SystemClock_Config	104	static
main.c:241:13:MX_ADC1_Init	24	static
main.c:331:13:MX_I2C1_Init	8	static
main.c:365:13:MX_RTC_Init	8	static
main.c:399:13:MX_SPI1_Init	8	static
main.c:437:13:MX_TIM1_Init	80	static
main.c:502:13:MX_TIM2_Init	56	static
main.c:551:13:MX_TIM3_Init	56	static
main.c:600:13:MX_TIM4_Init	56	static
main.c:649:13:MX_TIM5_Init	48	static
main.c:698:13:MX_TIM6_Init	16	static
main.c:736:13:MX_TIM7_Init	16	static
main.c:774:13:MX_TIM8_Init	80	static
main.c:839:13:MX_TIM9_Init	40	static
main.c:881:13:MX_TIM10_Init	8	static
main.c:912:13:MX_TIM11_Init	8	static
main.c:943:13:MX_TIM12_Init	40	static
main.c:985:13:MX_USART1_UART_Init	8	static
main.c:1016:13:MX_DMA_Init	16	static
main.c:1034:13:MX_GPIO_Init	48	static
main.c:1098:6:HAL_TIM_PeriodElapsedCallback	16	static
main.c:1116:6:Error_Handler	4	static,ignoring_inline_asm
